// Jest Snapshot v1, https://goo.gl/fbAQLP

exports[`rewritePaths 1`] = `
Array [
  Object {
    "end": 22,
    "id": "foo",
    "start": 19,
  },
  Object {
    "end": 63,
    "id": "foo/lib/bar.js",
    "start": 49,
  },
  Object {
    "end": 92,
    "id": "foo",
    "start": 89,
  },
  Object {
    "end": 134,
    "id": "@foo/bar",
    "start": 126,
  },
  Object {
    "end": 161,
    "id": "foo",
    "start": 158,
  },
  Object {
    "end": 183,
    "id": "foo",
    "start": 180,
  },
  Object {
    "end": 215,
    "id": "foo",
    "start": 212,
  },
  Object {
    "end": 235,
    "id": "foo",
    "start": 232,
  },
  Object {
    "end": 265,
    "id": "foo",
    "start": 262,
  },
]
`;

exports[`rewritePaths 2`] = `
"import { a } from '@scope/foo'
import { a, b, c } from 'foo/lib/bar.mjs'
import { a as b } from '@scope/foo'
import { a as b, c as d } from '@foo/bar'
import * as foo from '@scope/foo'
import foo from '@scope/foo'
import foo, { a, b } from '@scope/foo'
export * from '@scope/foo'
export { a, b, c } from '@scope/foo'"
`;
